﻿  Determinando los proyectos que se van a restaurar...
  Todos los proyectos est├ín actualizados para la restauraci├│n.
C:\Users\Usuario\Documents\Docker_Amadeus_api\AmadeusApi\Services\QuestionService.cs(18,42): error CS1061: "QuestionRepository" no contiene una definici├│n para "GetAll" ni un m├®todo de extensi├│n accesible "GetAll" que acepte un primer argumento del tipo "QuestionRepository" (┬┐falta alguna directiva using o una referencia de ensamblado?) [C:\Users\Usuario\Documents\Docker_Amadeus_api\AmadeusApi\AmadeusApi.csproj]
C:\Users\Usuario\Documents\Docker_Amadeus_api\AmadeusApi\Services\UserService.cs(13,16): warning CS8618: El elemento campo "_context" que no acepta valores NULL debe contener un valor distinto de NULL al salir del constructor. Considere la posibilidad de agregar el modificador "required'"o declarar el campo como un valor que acepta valores NULL. [C:\Users\Usuario\Documents\Docker_Amadeus_api\AmadeusApi\AmadeusApi.csproj]
C:\Users\Usuario\Documents\Docker_Amadeus_api\AmadeusApi\Services\UserService.cs(21,16): warning CS8618: El elemento campo "_userRepository" que no acepta valores NULL debe contener un valor distinto de NULL al salir del constructor. Considere la posibilidad de agregar el modificador "required'"o declarar el campo como un valor que acepta valores NULL. [C:\Users\Usuario\Documents\Docker_Amadeus_api\AmadeusApi\AmadeusApi.csproj]
C:\Users\Usuario\Documents\Docker_Amadeus_api\AmadeusApi\Services\QuestionService.cs(25,46): error CS1061: "QuestionRepository" no contiene una definici├│n para "GetQuestionId" ni un m├®todo de extensi├│n accesible "GetQuestionId" que acepte un primer argumento del tipo "QuestionRepository" (┬┐falta alguna directiva using o una referencia de ensamblado?) [C:\Users\Usuario\Documents\Docker_Amadeus_api\AmadeusApi\AmadeusApi.csproj]
C:\Users\Usuario\Documents\Docker_Amadeus_api\AmadeusApi\Services\QuestionService.cs(37,46): error CS1061: "QuestionRepository" no contiene una definici├│n para "GetQuestionText" ni un m├®todo de extensi├│n accesible "GetQuestionText" que acepte un primer argumento del tipo "QuestionRepository" (┬┐falta alguna directiva using o una referencia de ensamblado?) [C:\Users\Usuario\Documents\Docker_Amadeus_api\AmadeusApi\AmadeusApi.csproj]
C:\Users\Usuario\Documents\Docker_Amadeus_api\AmadeusApi\Services\UserService.cs(35,42): error CS1061: "UserRepository" no contiene una definici├│n para "GetAll" ni un m├®todo de extensi├│n accesible "GetAll" que acepte un primer argumento del tipo "UserRepository" (┬┐falta alguna directiva using o una referencia de ensamblado?) [C:\Users\Usuario\Documents\Docker_Amadeus_api\AmadeusApi\AmadeusApi.csproj]
C:\Users\Usuario\Documents\Docker_Amadeus_api\AmadeusApi\Services\QuestionService.cs(53,46): error CS1061: "QuestionRepository" no contiene una definici├│n para "CreateQuestions" ni un m├®todo de extensi├│n accesible "CreateQuestions" que acepte un primer argumento del tipo "QuestionRepository" (┬┐falta alguna directiva using o una referencia de ensamblado?) [C:\Users\Usuario\Documents\Docker_Amadeus_api\AmadeusApi\AmadeusApi.csproj]
C:\Users\Usuario\Documents\Docker_Amadeus_api\AmadeusApi\Services\UserService.cs(42,46): error CS1061: "UserRepository" no contiene una definici├│n para "GetUserId" ni un m├®todo de extensi├│n accesible "GetUserId" que acepte un primer argumento del tipo "UserRepository" (┬┐falta alguna directiva using o una referencia de ensamblado?) [C:\Users\Usuario\Documents\Docker_Amadeus_api\AmadeusApi\AmadeusApi.csproj]
C:\Users\Usuario\Documents\Docker_Amadeus_api\AmadeusApi\Services\UserService.cs(54,46): error CS1061: "UserRepository" no contiene una definici├│n para "GetUserEmail" ni un m├®todo de extensi├│n accesible "GetUserEmail" que acepte un primer argumento del tipo "UserRepository" (┬┐falta alguna directiva using o una referencia de ensamblado?) [C:\Users\Usuario\Documents\Docker_Amadeus_api\AmadeusApi\AmadeusApi.csproj]
C:\Users\Usuario\Documents\Docker_Amadeus_api\AmadeusApi\Services\QuestionService.cs(68,46): error CS1061: "QuestionRepository" no contiene una definici├│n para "UpdateQuestion" ni un m├®todo de extensi├│n accesible "UpdateQuestion" que acepte un primer argumento del tipo "QuestionRepository" (┬┐falta alguna directiva using o una referencia de ensamblado?) [C:\Users\Usuario\Documents\Docker_Amadeus_api\AmadeusApi\AmadeusApi.csproj]
C:\Users\Usuario\Documents\Docker_Amadeus_api\AmadeusApi\Services\AnswerService.cs(17,20): error CS1061: "Answer" no contiene una definici├│n para "AnsweredAt" ni un m├®todo de extensi├│n accesible "AnsweredAt" que acepte un primer argumento del tipo "Answer" (┬┐falta alguna directiva using o una referencia de ensamblado?) [C:\Users\Usuario\Documents\Docker_Amadeus_api\AmadeusApi\AmadeusApi.csproj]
C:\Users\Usuario\Documents\Docker_Amadeus_api\AmadeusApi\Services\UserService.cs(66,46): error CS1061: "UserRepository" no contiene una definici├│n para "GetUserName" ni un m├®todo de extensi├│n accesible "GetUserName" que acepte un primer argumento del tipo "UserRepository" (┬┐falta alguna directiva using o una referencia de ensamblado?) [C:\Users\Usuario\Documents\Docker_Amadeus_api\AmadeusApi\AmadeusApi.csproj]
C:\Users\Usuario\Documents\Docker_Amadeus_api\AmadeusApi\Services\UserService.cs(85,46): error CS1061: "UserRepository" no contiene una definici├│n para "CreateUser" ni un m├®todo de extensi├│n accesible "CreateUser" que acepte un primer argumento del tipo "UserRepository" (┬┐falta alguna directiva using o una referencia de ensamblado?) [C:\Users\Usuario\Documents\Docker_Amadeus_api\AmadeusApi\AmadeusApi.csproj]
C:\Users\Usuario\Documents\Docker_Amadeus_api\AmadeusApi\Repositories\DestinationRepository.cs(29,31): error CS1061: "Destination" no contiene una definici├│n para "Country" ni un m├®todo de extensi├│n accesible "Country" que acepte un primer argumento del tipo "Destination" (┬┐falta alguna directiva using o una referencia de ensamblado?) [C:\Users\Usuario\Documents\Docker_Amadeus_api\AmadeusApi\AmadeusApi.csproj]
C:\Users\Usuario\Documents\Docker_Amadeus_api\AmadeusApi\Services\UserService.cs(99,46): error CS1061: "UserRepository" no contiene una definici├│n para "UpdateUser" ni un m├®todo de extensi├│n accesible "UpdateUser" que acepte un primer argumento del tipo "UserRepository" (┬┐falta alguna directiva using o una referencia de ensamblado?) [C:\Users\Usuario\Documents\Docker_Amadeus_api\AmadeusApi\AmadeusApi.csproj]
C:\Users\Usuario\Documents\Docker_Amadeus_api\AmadeusApi\Repositories\CityRepository.cs(28,69): error CS1061: "City" no contiene una definici├│n para "Name" ni un m├®todo de extensi├│n accesible "Name" que acepte un primer argumento del tipo "City" (┬┐falta alguna directiva using o una referencia de ensamblado?) [C:\Users\Usuario\Documents\Docker_Amadeus_api\AmadeusApi\AmadeusApi.csproj]
C:\Users\Usuario\Documents\Docker_Amadeus_api\AmadeusApi\Services\UserService.cs(112,46): error CS1061: "UserRepository" no contiene una definici├│n para "GetUserId" ni un m├®todo de extensi├│n accesible "GetUserId" que acepte un primer argumento del tipo "UserRepository" (┬┐falta alguna directiva using o una referencia de ensamblado?) [C:\Users\Usuario\Documents\Docker_Amadeus_api\AmadeusApi\AmadeusApi.csproj]
C:\Users\Usuario\Documents\Docker_Amadeus_api\AmadeusApi\Services\UserService.cs(119,46): error CS1061: "UserRepository" no contiene una definici├│n para "DeleteUser" ni un m├®todo de extensi├│n accesible "DeleteUser" que acepte un primer argumento del tipo "UserRepository" (┬┐falta alguna directiva using o una referencia de ensamblado?) [C:\Users\Usuario\Documents\Docker_Amadeus_api\AmadeusApi\AmadeusApi.csproj]
C:\Users\Usuario\Documents\Docker_Amadeus_api\AmadeusApi\Services\QuestionOptionServices.cs(19,38): error CS1061: "QuestionOptionRepository" no contiene una definici├│n para "GetAllAsync" ni un m├®todo de extensi├│n accesible "GetAllAsync" que acepte un primer argumento del tipo "QuestionOptionRepository" (┬┐falta alguna directiva using o una referencia de ensamblado?) [C:\Users\Usuario\Documents\Docker_Amadeus_api\AmadeusApi\AmadeusApi.csproj]
C:\Users\Usuario\Documents\Docker_Amadeus_api\AmadeusApi\Repositories\AnswerRepository.cs(27,33): error CS1061: "Answer" no contiene una definici├│n para "Question" ni un m├®todo de extensi├│n accesible "Question" que acepte un primer argumento del tipo "Answer" (┬┐falta alguna directiva using o una referencia de ensamblado?) [C:\Users\Usuario\Documents\Docker_Amadeus_api\AmadeusApi\AmadeusApi.csproj]
C:\Users\Usuario\Documents\Docker_Amadeus_api\AmadeusApi\Services\QuestionOptionServices.cs(24,20): warning CS8603: Posible tipo de valor devuelto de referencia nulo. [C:\Users\Usuario\Documents\Docker_Amadeus_api\AmadeusApi\AmadeusApi.csproj]
C:\Users\Usuario\Documents\Docker_Amadeus_api\AmadeusApi\Services\QuestionOptionServices.cs(29,31): error CS1061: "QuestionOptionRepository" no contiene una definici├│n para "AddAsync" ni un m├®todo de extensi├│n accesible "AddAsync" que acepte un primer argumento del tipo "QuestionOptionRepository" (┬┐falta alguna directiva using o una referencia de ensamblado?) [C:\Users\Usuario\Documents\Docker_Amadeus_api\AmadeusApi\AmadeusApi.csproj]
C:\Users\Usuario\Documents\Docker_Amadeus_api\AmadeusApi\Repositories\AnswerRepository.cs(34,53): warning CS1998: El m├®todo asincr├│nico carece de operadores "await" y se ejecutar├í de forma sincr├│nica. Puede usar el operador 'await' para esperar llamadas API que no sean de bloqueo o 'await Task.Run(...)' para hacer tareas enlazadas a la CPU en un subproceso en segundo plano. [C:\Users\Usuario\Documents\Docker_Amadeus_api\AmadeusApi\AmadeusApi.csproj]
C:\Users\Usuario\Documents\Docker_Amadeus_api\AmadeusApi\Services\DestinationService.cs(19,38): error CS1061: "IDestinationRepository" no contiene una definici├│n para "GetAllDestinations" ni un m├®todo de extensi├│n accesible "GetAllDestinations" que acepte un primer argumento del tipo "IDestinationRepository" (┬┐falta alguna directiva using o una referencia de ensamblado?) [C:\Users\Usuario\Documents\Docker_Amadeus_api\AmadeusApi\AmadeusApi.csproj]
C:\Users\Usuario\Documents\Docker_Amadeus_api\AmadeusApi\Services\DestinationService.cs(24,38): error CS1061: "IDestinationRepository" no contiene una definici├│n para "GetDestinationById" ni un m├®todo de extensi├│n accesible "GetDestinationById" que acepte un primer argumento del tipo "IDestinationRepository" (┬┐falta alguna directiva using o una referencia de ensamblado?) [C:\Users\Usuario\Documents\Docker_Amadeus_api\AmadeusApi\AmadeusApi.csproj]
C:\Users\Usuario\Documents\Docker_Amadeus_api\AmadeusApi\Repositories\AnswerRepository.cs(39,48): warning CS1998: El m├®todo asincr├│nico carece de operadores "await" y se ejecutar├í de forma sincr├│nica. Puede usar el operador 'await' para esperar llamadas API que no sean de bloqueo o 'await Task.Run(...)' para hacer tareas enlazadas a la CPU en un subproceso en segundo plano. [C:\Users\Usuario\Documents\Docker_Amadeus_api\AmadeusApi\AmadeusApi.csproj]
C:\Users\Usuario\Documents\Docker_Amadeus_api\AmadeusApi\Services\QuestionService.cs(81,46): error CS1061: "QuestionRepository" no contiene una definici├│n para "GetQuestionId" ni un m├®todo de extensi├│n accesible "GetQuestionId" que acepte un primer argumento del tipo "QuestionRepository" (┬┐falta alguna directiva using o una referencia de ensamblado?) [C:\Users\Usuario\Documents\Docker_Amadeus_api\AmadeusApi\AmadeusApi.csproj]
C:\Users\Usuario\Documents\Docker_Amadeus_api\AmadeusApi\Services\QuestionService.cs(88,46): error CS1061: "QuestionRepository" no contiene una definici├│n para "DeleteQuestion" ni un m├®todo de extensi├│n accesible "DeleteQuestion" que acepte un primer argumento del tipo "QuestionRepository" (┬┐falta alguna directiva using o una referencia de ensamblado?) [C:\Users\Usuario\Documents\Docker_Amadeus_api\AmadeusApi\AmadeusApi.csproj]
C:\Users\Usuario\Documents\Docker_Amadeus_api\AmadeusApi\Services\DestinationService.cs(32,57): error CS1061: "IDestinationRepository" no contiene una definici├│n para "GetDestinationByCombination" ni un m├®todo de extensi├│n accesible "GetDestinationByCombination" que acepte un primer argumento del tipo "IDestinationRepository" (┬┐falta alguna directiva using o una referencia de ensamblado?) [C:\Users\Usuario\Documents\Docker_Amadeus_api\AmadeusApi\AmadeusApi.csproj]
C:\Users\Usuario\Documents\Docker_Amadeus_api\AmadeusApi\Services\DestinationService.cs(44,31): error CS1061: "IDestinationRepository" no contiene una definici├│n para "AddDestination" ni un m├®todo de extensi├│n accesible "AddDestination" que acepte un primer argumento del tipo "IDestinationRepository" (┬┐falta alguna directiva using o una referencia de ensamblado?) [C:\Users\Usuario\Documents\Docker_Amadeus_api\AmadeusApi\AmadeusApi.csproj]
C:\Users\Usuario\Documents\Docker_Amadeus_api\AmadeusApi\Services\DestinationService.cs(49,31): error CS1061: "IDestinationRepository" no contiene una definici├│n para "UpdateDestination" ni un m├®todo de extensi├│n accesible "UpdateDestination" que acepte un primer argumento del tipo "IDestinationRepository" (┬┐falta alguna directiva using o una referencia de ensamblado?) [C:\Users\Usuario\Documents\Docker_Amadeus_api\AmadeusApi\AmadeusApi.csproj]
C:\Users\Usuario\Documents\Docker_Amadeus_api\AmadeusApi\Services\DestinationService.cs(54,31): error CS1061: "IDestinationRepository" no contiene una definici├│n para "DeleteDestination" ni un m├®todo de extensi├│n accesible "DeleteDestination" que acepte un primer argumento del tipo "IDestinationRepository" (┬┐falta alguna directiva using o una referencia de ensamblado?) [C:\Users\Usuario\Documents\Docker_Amadeus_api\AmadeusApi\AmadeusApi.csproj]
C:\Users\Usuario\Documents\Docker_Amadeus_api\AmadeusApi\Repositories\QuestionRepository.cs(19,33): error CS1061: "Question" no contiene una definici├│n para "QuestionOptions" ni un m├®todo de extensi├│n accesible "QuestionOptions" que acepte un primer argumento del tipo "Question" (┬┐falta alguna directiva using o una referencia de ensamblado?) [C:\Users\Usuario\Documents\Docker_Amadeus_api\AmadeusApi\AmadeusApi.csproj]
C:\Users\Usuario\Documents\Docker_Amadeus_api\AmadeusApi\Repositories\QuestionRepository.cs(27,33): error CS1061: "Question" no contiene una definici├│n para "QuestionOptions" ni un m├®todo de extensi├│n accesible "QuestionOptions" que acepte un primer argumento del tipo "Question" (┬┐falta alguna directiva using o una referencia de ensamblado?) [C:\Users\Usuario\Documents\Docker_Amadeus_api\AmadeusApi\AmadeusApi.csproj]
C:\Users\Usuario\Documents\Docker_Amadeus_api\AmadeusApi\Repositories\AnswerRepository.cs(58,51): warning CS1998: El m├®todo asincr├│nico carece de operadores "await" y se ejecutar├í de forma sincr├│nica. Puede usar el operador 'await' para esperar llamadas API que no sean de bloqueo o 'await Task.Run(...)' para hacer tareas enlazadas a la CPU en un subproceso en segundo plano. [C:\Users\Usuario\Documents\Docker_Amadeus_api\AmadeusApi\AmadeusApi.csproj]
C:\Users\Usuario\Documents\Docker_Amadeus_api\AmadeusApi\Repositories\AnswerRepository.cs(63,56): warning CS1998: El m├®todo asincr├│nico carece de operadores "await" y se ejecutar├í de forma sincr├│nica. Puede usar el operador 'await' para esperar llamadas API que no sean de bloqueo o 'await Task.Run(...)' para hacer tareas enlazadas a la CPU en un subproceso en segundo plano. [C:\Users\Usuario\Documents\Docker_Amadeus_api\AmadeusApi\AmadeusApi.csproj]
C:\Users\Usuario\Documents\Docker_Amadeus_api\AmadeusApi\Services\DestinationService.cs(69,60): error CS1061: "IDestinationRepository" no contiene una definici├│n para "GetAllCombinations" ni un m├®todo de extensi├│n accesible "GetAllCombinations" que acepte un primer argumento del tipo "IDestinationRepository" (┬┐falta alguna directiva using o una referencia de ensamblado?) [C:\Users\Usuario\Documents\Docker_Amadeus_api\AmadeusApi\AmadeusApi.csproj]
C:\Users\Usuario\Documents\Docker_Amadeus_api\AmadeusApi\Services\DestinationService.cs(77,53): error CS1061: "IDestinationRepository" no contiene una definici├│n para "GetDestinationByCombination" ni un m├®todo de extensi├│n accesible "GetDestinationByCombination" que acepte un primer argumento del tipo "IDestinationRepository" (┬┐falta alguna directiva using o una referencia de ensamblado?) [C:\Users\Usuario\Documents\Docker_Amadeus_api\AmadeusApi\AmadeusApi.csproj]
C:\Users\Usuario\Documents\Docker_Amadeus_api\AmadeusApi\Services\DestinationService.cs(84,63): error CS1061: "IDestinationRepository" no contiene una definici├│n para "GetDestinationCount" ni un m├®todo de extensi├│n accesible "GetDestinationCount" que acepte un primer argumento del tipo "IDestinationRepository" (┬┐falta alguna directiva using o una referencia de ensamblado?) [C:\Users\Usuario\Documents\Docker_Amadeus_api\AmadeusApi\AmadeusApi.csproj]
C:\Users\Usuario\Documents\Docker_Amadeus_api\AmadeusApi\Services\DestinationService.cs(87,28): warning CS8603: Posible tipo de valor devuelto de referencia nulo. [C:\Users\Usuario\Documents\Docker_Amadeus_api\AmadeusApi\AmadeusApi.csproj]
C:\Users\Usuario\Documents\Docker_Amadeus_api\AmadeusApi\Services\DestinationService.cs(91,24): warning CS8619: La nulabilidad de los tipos de referencia en el valor de tipo "?" no coincide con el tipo de destino "Destination". [C:\Users\Usuario\Documents\Docker_Amadeus_api\AmadeusApi\AmadeusApi.csproj]
C:\Users\Usuario\Documents\Docker_Amadeus_api\AmadeusApi\Services\DestinationService.cs(104,38): error CS1061: "IDestinationRepository" no contiene una definici├│n para "GetDestinationByCombination" ni un m├®todo de extensi├│n accesible "GetDestinationByCombination" que acepte un primer argumento del tipo "IDestinationRepository" (┬┐falta alguna directiva using o una referencia de ensamblado?) [C:\Users\Usuario\Documents\Docker_Amadeus_api\AmadeusApi\AmadeusApi.csproj]
C:\Users\Usuario\Documents\Docker_Amadeus_api\AmadeusApi\Services\DestinationService.cs(110,38): error CS1061: "IDestinationRepository" no contiene una definici├│n para "GetDestinationByCombination" ni un m├®todo de extensi├│n accesible "GetDestinationByCombination" que acepte un primer argumento del tipo "IDestinationRepository" (┬┐falta alguna directiva using o una referencia de ensamblado?) [C:\Users\Usuario\Documents\Docker_Amadeus_api\AmadeusApi\AmadeusApi.csproj]
C:\Users\Usuario\Documents\Docker_Amadeus_api\AmadeusApi\Services\DestinationService.cs(116,38): error CS1061: "IDestinationRepository" no contiene una definici├│n para "GetDestinationCount" ni un m├®todo de extensi├│n accesible "GetDestinationCount" que acepte un primer argumento del tipo "IDestinationRepository" (┬┐falta alguna directiva using o una referencia de ensamblado?) [C:\Users\Usuario\Documents\Docker_Amadeus_api\AmadeusApi\AmadeusApi.csproj]
C:\Users\Usuario\Documents\Docker_Amadeus_api\AmadeusApi\Services\DestinationService.cs(121,38): error CS1061: "IDestinationRepository" no contiene una definici├│n para "GetAllDestinationsWithCities" ni un m├®todo de extensi├│n accesible "GetAllDestinationsWithCities" que acepte un primer argumento del tipo "IDestinationRepository" (┬┐falta alguna directiva using o una referencia de ensamblado?) [C:\Users\Usuario\Documents\Docker_Amadeus_api\AmadeusApi\AmadeusApi.csproj]
C:\Users\Usuario\Documents\Docker_Amadeus_api\AmadeusApi\Repositories\AnswerRepository.cs(71,33): error CS1061: "Answer" no contiene una definici├│n para "User" ni un m├®todo de extensi├│n accesible "User" que acepte un primer argumento del tipo "Answer" (┬┐falta alguna directiva using o una referencia de ensamblado?) [C:\Users\Usuario\Documents\Docker_Amadeus_api\AmadeusApi\AmadeusApi.csproj]
C:\Users\Usuario\Documents\Docker_Amadeus_api\AmadeusApi\Program.cs(19,13): error CS1061: "DbContextOptionsBuilder" no contiene una definici├│n para "UseSqlServer" ni un m├®todo de extensi├│n accesible "UseSqlServer" que acepte un primer argumento del tipo "DbContextOptionsBuilder" (┬┐falta alguna directiva using o una referencia de ensamblado?) [C:\Users\Usuario\Documents\Docker_Amadeus_api\AmadeusApi\AmadeusApi.csproj]
C:\Users\Usuario\Documents\Docker_Amadeus_api\AmadeusApi\Program.cs(47,42): error CS0246: El nombre del tipo o del espacio de nombres 'AuthService' no se encontr├│ (┬┐falta una directiva using o una referencia de ensamblado?) [C:\Users\Usuario\Documents\Docker_Amadeus_api\AmadeusApi\AmadeusApi.csproj]
C:\Users\Usuario\Documents\Docker_Amadeus_api\AmadeusApi\Repositories\AnswerRepository.cs(82,33): error CS1061: "Answer" no contiene una definici├│n para "User" ni un m├®todo de extensi├│n accesible "User" que acepte un primer argumento del tipo "Answer" (┬┐falta alguna directiva using o una referencia de ensamblado?) [C:\Users\Usuario\Documents\Docker_Amadeus_api\AmadeusApi\AmadeusApi.csproj]
C:\Users\Usuario\Documents\Docker_Amadeus_api\AmadeusApi\Repositories\QuestionRepository.cs(58,33): error CS1061: "Question" no contiene una definici├│n para "QuestionOptions" ni un m├®todo de extensi├│n accesible "QuestionOptions" que acepte un primer argumento del tipo "Question" (┬┐falta alguna directiva using o una referencia de ensamblado?) [C:\Users\Usuario\Documents\Docker_Amadeus_api\AmadeusApi\AmadeusApi.csproj]

ERROR al compilar.

C:\Users\Usuario\Documents\Docker_Amadeus_api\AmadeusApi\Services\UserService.cs(13,16): warning CS8618: El elemento campo "_context" que no acepta valores NULL debe contener un valor distinto de NULL al salir del constructor. Considere la posibilidad de agregar el modificador "required'"o declarar el campo como un valor que acepta valores NULL. [C:\Users\Usuario\Documents\Docker_Amadeus_api\AmadeusApi\AmadeusApi.csproj]
C:\Users\Usuario\Documents\Docker_Amadeus_api\AmadeusApi\Services\UserService.cs(21,16): warning CS8618: El elemento campo "_userRepository" que no acepta valores NULL debe contener un valor distinto de NULL al salir del constructor. Considere la posibilidad de agregar el modificador "required'"o declarar el campo como un valor que acepta valores NULL. [C:\Users\Usuario\Documents\Docker_Amadeus_api\AmadeusApi\AmadeusApi.csproj]
C:\Users\Usuario\Documents\Docker_Amadeus_api\AmadeusApi\Services\QuestionOptionServices.cs(24,20): warning CS8603: Posible tipo de valor devuelto de referencia nulo. [C:\Users\Usuario\Documents\Docker_Amadeus_api\AmadeusApi\AmadeusApi.csproj]
C:\Users\Usuario\Documents\Docker_Amadeus_api\AmadeusApi\Repositories\AnswerRepository.cs(34,53): warning CS1998: El m├®todo asincr├│nico carece de operadores "await" y se ejecutar├í de forma sincr├│nica. Puede usar el operador 'await' para esperar llamadas API que no sean de bloqueo o 'await Task.Run(...)' para hacer tareas enlazadas a la CPU en un subproceso en segundo plano. [C:\Users\Usuario\Documents\Docker_Amadeus_api\AmadeusApi\AmadeusApi.csproj]
C:\Users\Usuario\Documents\Docker_Amadeus_api\AmadeusApi\Repositories\AnswerRepository.cs(39,48): warning CS1998: El m├®todo asincr├│nico carece de operadores "await" y se ejecutar├í de forma sincr├│nica. Puede usar el operador 'await' para esperar llamadas API que no sean de bloqueo o 'await Task.Run(...)' para hacer tareas enlazadas a la CPU en un subproceso en segundo plano. [C:\Users\Usuario\Documents\Docker_Amadeus_api\AmadeusApi\AmadeusApi.csproj]
C:\Users\Usuario\Documents\Docker_Amadeus_api\AmadeusApi\Repositories\AnswerRepository.cs(58,51): warning CS1998: El m├®todo asincr├│nico carece de operadores "await" y se ejecutar├í de forma sincr├│nica. Puede usar el operador 'await' para esperar llamadas API que no sean de bloqueo o 'await Task.Run(...)' para hacer tareas enlazadas a la CPU en un subproceso en segundo plano. [C:\Users\Usuario\Documents\Docker_Amadeus_api\AmadeusApi\AmadeusApi.csproj]
C:\Users\Usuario\Documents\Docker_Amadeus_api\AmadeusApi\Repositories\AnswerRepository.cs(63,56): warning CS1998: El m├®todo asincr├│nico carece de operadores "await" y se ejecutar├í de forma sincr├│nica. Puede usar el operador 'await' para esperar llamadas API que no sean de bloqueo o 'await Task.Run(...)' para hacer tareas enlazadas a la CPU en un subproceso en segundo plano. [C:\Users\Usuario\Documents\Docker_Amadeus_api\AmadeusApi\AmadeusApi.csproj]
C:\Users\Usuario\Documents\Docker_Amadeus_api\AmadeusApi\Services\DestinationService.cs(87,28): warning CS8603: Posible tipo de valor devuelto de referencia nulo. [C:\Users\Usuario\Documents\Docker_Amadeus_api\AmadeusApi\AmadeusApi.csproj]
C:\Users\Usuario\Documents\Docker_Amadeus_api\AmadeusApi\Services\DestinationService.cs(91,24): warning CS8619: La nulabilidad de los tipos de referencia en el valor de tipo "?" no coincide con el tipo de destino "Destination". [C:\Users\Usuario\Documents\Docker_Amadeus_api\AmadeusApi\AmadeusApi.csproj]
C:\Users\Usuario\Documents\Docker_Amadeus_api\AmadeusApi\Services\QuestionService.cs(18,42): error CS1061: "QuestionRepository" no contiene una definici├│n para "GetAll" ni un m├®todo de extensi├│n accesible "GetAll" que acepte un primer argumento del tipo "QuestionRepository" (┬┐falta alguna directiva using o una referencia de ensamblado?) [C:\Users\Usuario\Documents\Docker_Amadeus_api\AmadeusApi\AmadeusApi.csproj]
C:\Users\Usuario\Documents\Docker_Amadeus_api\AmadeusApi\Services\QuestionService.cs(25,46): error CS1061: "QuestionRepository" no contiene una definici├│n para "GetQuestionId" ni un m├®todo de extensi├│n accesible "GetQuestionId" que acepte un primer argumento del tipo "QuestionRepository" (┬┐falta alguna directiva using o una referencia de ensamblado?) [C:\Users\Usuario\Documents\Docker_Amadeus_api\AmadeusApi\AmadeusApi.csproj]
C:\Users\Usuario\Documents\Docker_Amadeus_api\AmadeusApi\Services\QuestionService.cs(37,46): error CS1061: "QuestionRepository" no contiene una definici├│n para "GetQuestionText" ni un m├®todo de extensi├│n accesible "GetQuestionText" que acepte un primer argumento del tipo "QuestionRepository" (┬┐falta alguna directiva using o una referencia de ensamblado?) [C:\Users\Usuario\Documents\Docker_Amadeus_api\AmadeusApi\AmadeusApi.csproj]
C:\Users\Usuario\Documents\Docker_Amadeus_api\AmadeusApi\Services\UserService.cs(35,42): error CS1061: "UserRepository" no contiene una definici├│n para "GetAll" ni un m├®todo de extensi├│n accesible "GetAll" que acepte un primer argumento del tipo "UserRepository" (┬┐falta alguna directiva using o una referencia de ensamblado?) [C:\Users\Usuario\Documents\Docker_Amadeus_api\AmadeusApi\AmadeusApi.csproj]
C:\Users\Usuario\Documents\Docker_Amadeus_api\AmadeusApi\Services\QuestionService.cs(53,46): error CS1061: "QuestionRepository" no contiene una definici├│n para "CreateQuestions" ni un m├®todo de extensi├│n accesible "CreateQuestions" que acepte un primer argumento del tipo "QuestionRepository" (┬┐falta alguna directiva using o una referencia de ensamblado?) [C:\Users\Usuario\Documents\Docker_Amadeus_api\AmadeusApi\AmadeusApi.csproj]
C:\Users\Usuario\Documents\Docker_Amadeus_api\AmadeusApi\Services\UserService.cs(42,46): error CS1061: "UserRepository" no contiene una definici├│n para "GetUserId" ni un m├®todo de extensi├│n accesible "GetUserId" que acepte un primer argumento del tipo "UserRepository" (┬┐falta alguna directiva using o una referencia de ensamblado?) [C:\Users\Usuario\Documents\Docker_Amadeus_api\AmadeusApi\AmadeusApi.csproj]
C:\Users\Usuario\Documents\Docker_Amadeus_api\AmadeusApi\Services\UserService.cs(54,46): error CS1061: "UserRepository" no contiene una definici├│n para "GetUserEmail" ni un m├®todo de extensi├│n accesible "GetUserEmail" que acepte un primer argumento del tipo "UserRepository" (┬┐falta alguna directiva using o una referencia de ensamblado?) [C:\Users\Usuario\Documents\Docker_Amadeus_api\AmadeusApi\AmadeusApi.csproj]
C:\Users\Usuario\Documents\Docker_Amadeus_api\AmadeusApi\Services\QuestionService.cs(68,46): error CS1061: "QuestionRepository" no contiene una definici├│n para "UpdateQuestion" ni un m├®todo de extensi├│n accesible "UpdateQuestion" que acepte un primer argumento del tipo "QuestionRepository" (┬┐falta alguna directiva using o una referencia de ensamblado?) [C:\Users\Usuario\Documents\Docker_Amadeus_api\AmadeusApi\AmadeusApi.csproj]
C:\Users\Usuario\Documents\Docker_Amadeus_api\AmadeusApi\Services\AnswerService.cs(17,20): error CS1061: "Answer" no contiene una definici├│n para "AnsweredAt" ni un m├®todo de extensi├│n accesible "AnsweredAt" que acepte un primer argumento del tipo "Answer" (┬┐falta alguna directiva using o una referencia de ensamblado?) [C:\Users\Usuario\Documents\Docker_Amadeus_api\AmadeusApi\AmadeusApi.csproj]
C:\Users\Usuario\Documents\Docker_Amadeus_api\AmadeusApi\Services\UserService.cs(66,46): error CS1061: "UserRepository" no contiene una definici├│n para "GetUserName" ni un m├®todo de extensi├│n accesible "GetUserName" que acepte un primer argumento del tipo "UserRepository" (┬┐falta alguna directiva using o una referencia de ensamblado?) [C:\Users\Usuario\Documents\Docker_Amadeus_api\AmadeusApi\AmadeusApi.csproj]
C:\Users\Usuario\Documents\Docker_Amadeus_api\AmadeusApi\Services\UserService.cs(85,46): error CS1061: "UserRepository" no contiene una definici├│n para "CreateUser" ni un m├®todo de extensi├│n accesible "CreateUser" que acepte un primer argumento del tipo "UserRepository" (┬┐falta alguna directiva using o una referencia de ensamblado?) [C:\Users\Usuario\Documents\Docker_Amadeus_api\AmadeusApi\AmadeusApi.csproj]
C:\Users\Usuario\Documents\Docker_Amadeus_api\AmadeusApi\Repositories\DestinationRepository.cs(29,31): error CS1061: "Destination" no contiene una definici├│n para "Country" ni un m├®todo de extensi├│n accesible "Country" que acepte un primer argumento del tipo "Destination" (┬┐falta alguna directiva using o una referencia de ensamblado?) [C:\Users\Usuario\Documents\Docker_Amadeus_api\AmadeusApi\AmadeusApi.csproj]
C:\Users\Usuario\Documents\Docker_Amadeus_api\AmadeusApi\Services\UserService.cs(99,46): error CS1061: "UserRepository" no contiene una definici├│n para "UpdateUser" ni un m├®todo de extensi├│n accesible "UpdateUser" que acepte un primer argumento del tipo "UserRepository" (┬┐falta alguna directiva using o una referencia de ensamblado?) [C:\Users\Usuario\Documents\Docker_Amadeus_api\AmadeusApi\AmadeusApi.csproj]
C:\Users\Usuario\Documents\Docker_Amadeus_api\AmadeusApi\Repositories\CityRepository.cs(28,69): error CS1061: "City" no contiene una definici├│n para "Name" ni un m├®todo de extensi├│n accesible "Name" que acepte un primer argumento del tipo "City" (┬┐falta alguna directiva using o una referencia de ensamblado?) [C:\Users\Usuario\Documents\Docker_Amadeus_api\AmadeusApi\AmadeusApi.csproj]
C:\Users\Usuario\Documents\Docker_Amadeus_api\AmadeusApi\Services\UserService.cs(112,46): error CS1061: "UserRepository" no contiene una definici├│n para "GetUserId" ni un m├®todo de extensi├│n accesible "GetUserId" que acepte un primer argumento del tipo "UserRepository" (┬┐falta alguna directiva using o una referencia de ensamblado?) [C:\Users\Usuario\Documents\Docker_Amadeus_api\AmadeusApi\AmadeusApi.csproj]
C:\Users\Usuario\Documents\Docker_Amadeus_api\AmadeusApi\Services\UserService.cs(119,46): error CS1061: "UserRepository" no contiene una definici├│n para "DeleteUser" ni un m├®todo de extensi├│n accesible "DeleteUser" que acepte un primer argumento del tipo "UserRepository" (┬┐falta alguna directiva using o una referencia de ensamblado?) [C:\Users\Usuario\Documents\Docker_Amadeus_api\AmadeusApi\AmadeusApi.csproj]
C:\Users\Usuario\Documents\Docker_Amadeus_api\AmadeusApi\Services\QuestionOptionServices.cs(19,38): error CS1061: "QuestionOptionRepository" no contiene una definici├│n para "GetAllAsync" ni un m├®todo de extensi├│n accesible "GetAllAsync" que acepte un primer argumento del tipo "QuestionOptionRepository" (┬┐falta alguna directiva using o una referencia de ensamblado?) [C:\Users\Usuario\Documents\Docker_Amadeus_api\AmadeusApi\AmadeusApi.csproj]
C:\Users\Usuario\Documents\Docker_Amadeus_api\AmadeusApi\Repositories\AnswerRepository.cs(27,33): error CS1061: "Answer" no contiene una definici├│n para "Question" ni un m├®todo de extensi├│n accesible "Question" que acepte un primer argumento del tipo "Answer" (┬┐falta alguna directiva using o una referencia de ensamblado?) [C:\Users\Usuario\Documents\Docker_Amadeus_api\AmadeusApi\AmadeusApi.csproj]
C:\Users\Usuario\Documents\Docker_Amadeus_api\AmadeusApi\Services\QuestionOptionServices.cs(29,31): error CS1061: "QuestionOptionRepository" no contiene una definici├│n para "AddAsync" ni un m├®todo de extensi├│n accesible "AddAsync" que acepte un primer argumento del tipo "QuestionOptionRepository" (┬┐falta alguna directiva using o una referencia de ensamblado?) [C:\Users\Usuario\Documents\Docker_Amadeus_api\AmadeusApi\AmadeusApi.csproj]
C:\Users\Usuario\Documents\Docker_Amadeus_api\AmadeusApi\Services\DestinationService.cs(19,38): error CS1061: "IDestinationRepository" no contiene una definici├│n para "GetAllDestinations" ni un m├®todo de extensi├│n accesible "GetAllDestinations" que acepte un primer argumento del tipo "IDestinationRepository" (┬┐falta alguna directiva using o una referencia de ensamblado?) [C:\Users\Usuario\Documents\Docker_Amadeus_api\AmadeusApi\AmadeusApi.csproj]
C:\Users\Usuario\Documents\Docker_Amadeus_api\AmadeusApi\Services\DestinationService.cs(24,38): error CS1061: "IDestinationRepository" no contiene una definici├│n para "GetDestinationById" ni un m├®todo de extensi├│n accesible "GetDestinationById" que acepte un primer argumento del tipo "IDestinationRepository" (┬┐falta alguna directiva using o una referencia de ensamblado?) [C:\Users\Usuario\Documents\Docker_Amadeus_api\AmadeusApi\AmadeusApi.csproj]
C:\Users\Usuario\Documents\Docker_Amadeus_api\AmadeusApi\Services\QuestionService.cs(81,46): error CS1061: "QuestionRepository" no contiene una definici├│n para "GetQuestionId" ni un m├®todo de extensi├│n accesible "GetQuestionId" que acepte un primer argumento del tipo "QuestionRepository" (┬┐falta alguna directiva using o una referencia de ensamblado?) [C:\Users\Usuario\Documents\Docker_Amadeus_api\AmadeusApi\AmadeusApi.csproj]
C:\Users\Usuario\Documents\Docker_Amadeus_api\AmadeusApi\Services\QuestionService.cs(88,46): error CS1061: "QuestionRepository" no contiene una definici├│n para "DeleteQuestion" ni un m├®todo de extensi├│n accesible "DeleteQuestion" que acepte un primer argumento del tipo "QuestionRepository" (┬┐falta alguna directiva using o una referencia de ensamblado?) [C:\Users\Usuario\Documents\Docker_Amadeus_api\AmadeusApi\AmadeusApi.csproj]
C:\Users\Usuario\Documents\Docker_Amadeus_api\AmadeusApi\Services\DestinationService.cs(32,57): error CS1061: "IDestinationRepository" no contiene una definici├│n para "GetDestinationByCombination" ni un m├®todo de extensi├│n accesible "GetDestinationByCombination" que acepte un primer argumento del tipo "IDestinationRepository" (┬┐falta alguna directiva using o una referencia de ensamblado?) [C:\Users\Usuario\Documents\Docker_Amadeus_api\AmadeusApi\AmadeusApi.csproj]
C:\Users\Usuario\Documents\Docker_Amadeus_api\AmadeusApi\Services\DestinationService.cs(44,31): error CS1061: "IDestinationRepository" no contiene una definici├│n para "AddDestination" ni un m├®todo de extensi├│n accesible "AddDestination" que acepte un primer argumento del tipo "IDestinationRepository" (┬┐falta alguna directiva using o una referencia de ensamblado?) [C:\Users\Usuario\Documents\Docker_Amadeus_api\AmadeusApi\AmadeusApi.csproj]
C:\Users\Usuario\Documents\Docker_Amadeus_api\AmadeusApi\Services\DestinationService.cs(49,31): error CS1061: "IDestinationRepository" no contiene una definici├│n para "UpdateDestination" ni un m├®todo de extensi├│n accesible "UpdateDestination" que acepte un primer argumento del tipo "IDestinationRepository" (┬┐falta alguna directiva using o una referencia de ensamblado?) [C:\Users\Usuario\Documents\Docker_Amadeus_api\AmadeusApi\AmadeusApi.csproj]
C:\Users\Usuario\Documents\Docker_Amadeus_api\AmadeusApi\Services\DestinationService.cs(54,31): error CS1061: "IDestinationRepository" no contiene una definici├│n para "DeleteDestination" ni un m├®todo de extensi├│n accesible "DeleteDestination" que acepte un primer argumento del tipo "IDestinationRepository" (┬┐falta alguna directiva using o una referencia de ensamblado?) [C:\Users\Usuario\Documents\Docker_Amadeus_api\AmadeusApi\AmadeusApi.csproj]
C:\Users\Usuario\Documents\Docker_Amadeus_api\AmadeusApi\Repositories\QuestionRepository.cs(19,33): error CS1061: "Question" no contiene una definici├│n para "QuestionOptions" ni un m├®todo de extensi├│n accesible "QuestionOptions" que acepte un primer argumento del tipo "Question" (┬┐falta alguna directiva using o una referencia de ensamblado?) [C:\Users\Usuario\Documents\Docker_Amadeus_api\AmadeusApi\AmadeusApi.csproj]
C:\Users\Usuario\Documents\Docker_Amadeus_api\AmadeusApi\Repositories\QuestionRepository.cs(27,33): error CS1061: "Question" no contiene una definici├│n para "QuestionOptions" ni un m├®todo de extensi├│n accesible "QuestionOptions" que acepte un primer argumento del tipo "Question" (┬┐falta alguna directiva using o una referencia de ensamblado?) [C:\Users\Usuario\Documents\Docker_Amadeus_api\AmadeusApi\AmadeusApi.csproj]
C:\Users\Usuario\Documents\Docker_Amadeus_api\AmadeusApi\Services\DestinationService.cs(69,60): error CS1061: "IDestinationRepository" no contiene una definici├│n para "GetAllCombinations" ni un m├®todo de extensi├│n accesible "GetAllCombinations" que acepte un primer argumento del tipo "IDestinationRepository" (┬┐falta alguna directiva using o una referencia de ensamblado?) [C:\Users\Usuario\Documents\Docker_Amadeus_api\AmadeusApi\AmadeusApi.csproj]
C:\Users\Usuario\Documents\Docker_Amadeus_api\AmadeusApi\Services\DestinationService.cs(77,53): error CS1061: "IDestinationRepository" no contiene una definici├│n para "GetDestinationByCombination" ni un m├®todo de extensi├│n accesible "GetDestinationByCombination" que acepte un primer argumento del tipo "IDestinationRepository" (┬┐falta alguna directiva using o una referencia de ensamblado?) [C:\Users\Usuario\Documents\Docker_Amadeus_api\AmadeusApi\AmadeusApi.csproj]
C:\Users\Usuario\Documents\Docker_Amadeus_api\AmadeusApi\Services\DestinationService.cs(84,63): error CS1061: "IDestinationRepository" no contiene una definici├│n para "GetDestinationCount" ni un m├®todo de extensi├│n accesible "GetDestinationCount" que acepte un primer argumento del tipo "IDestinationRepository" (┬┐falta alguna directiva using o una referencia de ensamblado?) [C:\Users\Usuario\Documents\Docker_Amadeus_api\AmadeusApi\AmadeusApi.csproj]
C:\Users\Usuario\Documents\Docker_Amadeus_api\AmadeusApi\Services\DestinationService.cs(104,38): error CS1061: "IDestinationRepository" no contiene una definici├│n para "GetDestinationByCombination" ni un m├®todo de extensi├│n accesible "GetDestinationByCombination" que acepte un primer argumento del tipo "IDestinationRepository" (┬┐falta alguna directiva using o una referencia de ensamblado?) [C:\Users\Usuario\Documents\Docker_Amadeus_api\AmadeusApi\AmadeusApi.csproj]
C:\Users\Usuario\Documents\Docker_Amadeus_api\AmadeusApi\Services\DestinationService.cs(110,38): error CS1061: "IDestinationRepository" no contiene una definici├│n para "GetDestinationByCombination" ni un m├®todo de extensi├│n accesible "GetDestinationByCombination" que acepte un primer argumento del tipo "IDestinationRepository" (┬┐falta alguna directiva using o una referencia de ensamblado?) [C:\Users\Usuario\Documents\Docker_Amadeus_api\AmadeusApi\AmadeusApi.csproj]
C:\Users\Usuario\Documents\Docker_Amadeus_api\AmadeusApi\Services\DestinationService.cs(116,38): error CS1061: "IDestinationRepository" no contiene una definici├│n para "GetDestinationCount" ni un m├®todo de extensi├│n accesible "GetDestinationCount" que acepte un primer argumento del tipo "IDestinationRepository" (┬┐falta alguna directiva using o una referencia de ensamblado?) [C:\Users\Usuario\Documents\Docker_Amadeus_api\AmadeusApi\AmadeusApi.csproj]
C:\Users\Usuario\Documents\Docker_Amadeus_api\AmadeusApi\Services\DestinationService.cs(121,38): error CS1061: "IDestinationRepository" no contiene una definici├│n para "GetAllDestinationsWithCities" ni un m├®todo de extensi├│n accesible "GetAllDestinationsWithCities" que acepte un primer argumento del tipo "IDestinationRepository" (┬┐falta alguna directiva using o una referencia de ensamblado?) [C:\Users\Usuario\Documents\Docker_Amadeus_api\AmadeusApi\AmadeusApi.csproj]
C:\Users\Usuario\Documents\Docker_Amadeus_api\AmadeusApi\Repositories\AnswerRepository.cs(71,33): error CS1061: "Answer" no contiene una definici├│n para "User" ni un m├®todo de extensi├│n accesible "User" que acepte un primer argumento del tipo "Answer" (┬┐falta alguna directiva using o una referencia de ensamblado?) [C:\Users\Usuario\Documents\Docker_Amadeus_api\AmadeusApi\AmadeusApi.csproj]
C:\Users\Usuario\Documents\Docker_Amadeus_api\AmadeusApi\Program.cs(19,13): error CS1061: "DbContextOptionsBuilder" no contiene una definici├│n para "UseSqlServer" ni un m├®todo de extensi├│n accesible "UseSqlServer" que acepte un primer argumento del tipo "DbContextOptionsBuilder" (┬┐falta alguna directiva using o una referencia de ensamblado?) [C:\Users\Usuario\Documents\Docker_Amadeus_api\AmadeusApi\AmadeusApi.csproj]
C:\Users\Usuario\Documents\Docker_Amadeus_api\AmadeusApi\Program.cs(47,42): error CS0246: El nombre del tipo o del espacio de nombres 'AuthService' no se encontr├│ (┬┐falta una directiva using o una referencia de ensamblado?) [C:\Users\Usuario\Documents\Docker_Amadeus_api\AmadeusApi\AmadeusApi.csproj]
C:\Users\Usuario\Documents\Docker_Amadeus_api\AmadeusApi\Repositories\AnswerRepository.cs(82,33): error CS1061: "Answer" no contiene una definici├│n para "User" ni un m├®todo de extensi├│n accesible "User" que acepte un primer argumento del tipo "Answer" (┬┐falta alguna directiva using o una referencia de ensamblado?) [C:\Users\Usuario\Documents\Docker_Amadeus_api\AmadeusApi\AmadeusApi.csproj]
C:\Users\Usuario\Documents\Docker_Amadeus_api\AmadeusApi\Repositories\QuestionRepository.cs(58,33): error CS1061: "Question" no contiene una definici├│n para "QuestionOptions" ni un m├®todo de extensi├│n accesible "QuestionOptions" que acepte un primer argumento del tipo "Question" (┬┐falta alguna directiva using o una referencia de ensamblado?) [C:\Users\Usuario\Documents\Docker_Amadeus_api\AmadeusApi\AmadeusApi.csproj]
    9 Advertencia(s)
    41 Errores

Tiempo transcurrido 00:00:05.59
